// Jest Snapshot v1, https://goo.gl/fbAQLP

exports[`page-components/TikTakBoom/RoundInProgress renders correctly 1`] = `
<div
  className="roundInProgressContainer"
>
  <div
    className="player"
  >
    Player, it is your turnPlayer 1
  </div>
  <div
    className="mode"
  >
    mode name 1
  </div>
  <div
    className="modeDescription"
  >
    *
    mode description 1
  </div>
  <div
    className="syllable"
  >
    ABC
  </div>
  <button
    className="goToNextPlayerButton"
    onClick={[Function]}
  >
    Next Player
  </button>
  <button
    className="goToPreviousPlayerButton"
    onClick={[Function]}
  >
    Previous Player
  </button>
</div>
`;
