// Jest Snapshot v1, https://goo.gl/fbAQLP

exports[`page-components/TikTakBoom/EndGame renders correctly 1`] = `
<div
  className="endGameContainer"
>
  <div
    className="gameEndTitle"
  >
    Game Completed
  </div>
  <div>
    ScoreBoard
  </div>
  <button
    className="restartButton"
    onClick={[Function]}
  >
    Restart Game
  </button>
  <a
    aria-current="page"
    className=""
    href="/"
    onClick={[Function]}
    onMouseEnter={[Function]}
    style={Object {}}
  >
    <button
      className="homeButton"
    >
      Home
    </button>
  </a>
</div>
`;
