// Jest Snapshot v1, https://goo.gl/fbAQLP

exports[`page-components/TikTakBoom/ScoreBoard renders correctly 1`] = `
<div
  className="scoreBoardContainer"
>
  <div
    className="scoreBoardTitle"
  >
    Scoreboard
  </div>
  <div
    className="scoreBoard"
  >
    <div
      className=""
    >
      1
      .
    </div>
    <div
      className=""
    >
      Player 1
    </div>
    <div
      className=""
    >
      3
    </div>
    <div
      className="inactive"
    >
      2
      .
    </div>
    <div
      className="inactive"
    >
      Player 2
    </div>
    <div
      className="inactive"
    >
      0
    </div>
    <div
      className=""
    >
      3
      .
    </div>
    <div
      className=""
    >
      Player 3
    </div>
    <div
      className=""
    >
      1
    </div>
    <div
      className="inactive"
    >
      4
      .
    </div>
    <div
      className="inactive"
    >
      Player 4
    </div>
    <div
      className="inactive"
    >
      4
    </div>
  </div>
</div>
`;
